ARM Linker, 4.1 [Build 481] [Evaluation]

==============================================================================

Section Cross References

    startup.o(vectors) refers (Special) to use_no_semi.o(.text) for __use_no_semihosting_swi
    startup.o(vectors) refers to os_cpu_a.o(subr) for SoftwareInterrupt
    startup.o(vectors) refers to target.o(.text) for FIQ_Exception
    startup.o(vectors) refers to __main.o(!!!main) for __main
    startup.o(vectors) refers to startup.o(MyStacks) for IrqStackSpace
    startup.o(vectors) refers to startup.o(Stacks) for StackUsr
    startup.o(vectors) refers to startup.o(Heap) for bottom_of_heap
    startup.o(MyStacks) refers (Special) to use_no_semi.o(.text) for __use_no_semihosting_swi
    startup.o(Heap) refers (Special) to use_no_semi.o(.text) for __use_no_semihosting_swi
    startup.o(Stacks) refers (Special) to use_no_semi.o(.text) for __use_no_semihosting_swi
    os_cpu_a.o(subr) refers to os_cpu_c.o(.text) for SWI_Exception
    os_cpu_a.o(subr) refers to os_cpu_a.o(SWIStacks) for SvcStackSpace
    os_cpu_a.o(subr) refers to os_cpu_c.o(.data) for OsEnterSum
    os_cpu_a.o(subr) refers to os_core.o(.data) for OSTCBCur
    os_cpu_c.o(.text) refers to os_cpu_c.o(.data) for OsEnterSum
    os_cpu_c.o(.text) refers to os_core.o(.bss) for OSTCBPrioTbl
    os_core.o(.text) refers to os_cpu_c.o(.text) for OSTaskIdleHook
    os_core.o(.text) refers to os_task.o(.text) for OSTaskCreateExt
    os_core.o(.text) refers to os_flag.o(.text) for OS_FlagInit
    os_core.o(.text) refers to os_mem.o(.text) for OS_MemInit
    os_core.o(.text) refers to os_q.o(.text) for OS_QInit
    os_core.o(.text) refers to os_core.o(.data) for OSIdleCtr
    os_core.o(.text) refers to os_core.o(.bss) for OSTaskIdleStk
    os_core.o(.text) refers to os_core.o(.constdata) for OSUnMapTbl
    os_core.o(.text) refers to os_cpu_c.o(.data) for OsEnterSum
    os_flag.o(.text) refers to os_core.o(.text) for OS_Sched
    os_flag.o(.text) refers to os_core.o(.data) for OSIntNesting
    os_flag.o(.text) refers to os_core.o(.bss) for OSFlagTbl
    os_mbox.o(.text) refers to os_core.o(.text) for OS_EventWaitListInit
    os_mbox.o(.text) refers to os_core.o(.data) for OSIntNesting
    os_mem.o(.text) refers to os_core.o(.data) for OSMemFreeList
    os_mem.o(.text) refers to os_core.o(.bss) for OSMemTbl
    os_mutex.o(.text) refers to os_core.o(.text) for OS_EventWaitListInit
    os_mutex.o(.text) refers to os_core.o(.data) for OSIntNesting
    os_mutex.o(.text) refers to os_core.o(.bss) for OSTCBPrioTbl
    os_mutex.o(.text) refers to os_core.o(.constdata) for OSMapTbl
    os_q.o(.text) refers to os_core.o(.text) for OS_EventWaitListInit
    os_q.o(.text) refers to os_core.o(.data) for OSIntNesting
    os_q.o(.text) refers to os_core.o(.bss) for OSQTbl
    os_sem.o(.text) refers to os_core.o(.text) for OS_EventWaitListInit
    os_sem.o(.text) refers to os_core.o(.data) for OSIntNesting
    os_task.o(.text) refers to os_core.o(.text) for OS_Sched
    os_task.o(.text) refers to os_cpu_c.o(.text) for OSTaskStkInit
    os_task.o(.text) refers to rt_memclr_w.o(.text) for __aeabi_memclr4
    os_task.o(.text) refers to os_flag.o(.text) for OS_FlagUnlink
    os_task.o(.text) refers to rt_memcpy_w.o(.text) for __aeabi_memcpy4
    os_task.o(.text) refers to os_core.o(.bss) for OSTCBPrioTbl
    os_task.o(.text) refers to os_core.o(.constdata) for OSMapTbl
    os_task.o(.text) refers to os_core.o(.data) for OSTCBCur
    os_time.o(.text) refers to os_core.o(.text) for OS_Sched
    os_time.o(.text) refers to aeabi_sdiv.o(.text_udiv) for __aeabi_uidivmod
    os_time.o(.text) refers to os_core.o(.data) for OSTCBCur
    os_time.o(.text) refers to os_core.o(.bss) for OSTCBPrioTbl
    helper.o(.text) refers to aeabi_sdiv.o(.text) for __aeabi_idivmod
    main.o(.text) refers to os_time.o(.text) for OSTimeDlyHMSM
    main.o(.text) refers to os_core.o(.text) for OSInit
    main.o(.text) refers to os_task.o(.text) for OSTaskCreate
    main.o(.text) refers to main.o(.bss) for Task1Stk
    target.o(.text) refers (Special) to use_no_semi.o(.text) for __use_no_semihosting_swi
    target.o(.text) refers to os_core.o(.text) for OSTimeTick
    target.o(.text) refers to rand.o(.text) for srand
    target.o(.text) refers to aeabi_sdiv.o(.text_udiv) for __aeabi_uidivmod
    target.o(.text) refers to irq.o(IRQ) for IRQ_Handler
    irq.o(IRQ) refers to target.o(.text) for IRQ_Exception
    irq.o(IRQ) refers to os_core.o(.text) for OSIntExit
    irq.o(IRQ) refers to os_core.o(.data) for OSIntNesting
    irq.o(IRQ) refers to startup.o(Stacks) for StackUsr
    irq.o(IRQ) refers to os_cpu_c.o(.data) for OsEnterSum
    irq.o(IRQ) refers to os_cpu_a.o(subr) for OSIntCtxSw
    lcd240160.o(.text) refers to helper.o(.text) for delay_ns
    rand.o(.emb_text) refers (Special) to libinit2.o(.ARM.Collect$$libinit$$00000009) for __rt_lib_init_rand_2
    rand.o(.emb_text) refers to rand.o(.text) for _rand_init
    rand.o(.emb_text) refers to rand.o(.bss) for _random_number_data
    rand.o(.text) refers (Special) to libinit2.o(.ARM.Collect$$libinit$$00000009) for __rt_lib_init_rand_2
    rand.o(.text) refers to rand.o(.bss) for .bss
    rand.o(.bss) refers (Special) to libinit2.o(.ARM.Collect$$libinit$$00000009) for __rt_lib_init_rand_2
    aeabi_sdiv.o(.text_udiv) refers to aeabi_sdiv.o(.text) for __arm_div2
    aeabi_sdiv_div0.o(.text_udiv) refers to aeabi_sdiv_div0.o(.text) for __arm_div2
    __main.o(!!!main) refers to rtentry.o(.ARM.Collect$$rtentry$$00000000) for __rt_entry
    rtentry.o(.ARM.Collect$$rtentry$$00000000) refers (Special) to rtentry2.o(.ARM.Collect$$rtentry$$0000000A) for __rt_entry_li
    rtentry.o(.ARM.Collect$$rtentry$$00000000) refers (Special) to rtentry2.o(.ARM.Collect$$rtentry$$0000000D) for __rt_entry_main
    rtentry.o(.ARM.Collect$$rtentry$$00000000) refers (Special) to rtentry2.o(.ARM.Collect$$rtentry$$0000000C) for __rt_entry_postli_1
    rtentry.o(.ARM.Collect$$rtentry$$00000000) refers (Special) to rtentry2.o(.ARM.Collect$$rtentry$$00000009) for __rt_entry_postsh_1
    rtentry.o(.ARM.Collect$$rtentry$$00000000) refers (Special) to rtentry2.o(.ARM.Collect$$rtentry$$00000002) for __rt_entry_presh_1
    rtentry.o(.ARM.Collect$$rtentry$$00000000) refers (Special) to rtentry4.o(.ARM.Collect$$rtentry$$00000004) for __rt_entry_sh
    rtentry.o(.ARM.exidx) refers (Special) to rtentry2.o(.ARM.Collect$$rtentry$$0000000A) for __rt_entry_li
    rtentry.o(.ARM.exidx) refers (Special) to rtentry2.o(.ARM.Collect$$rtentry$$0000000D) for __rt_entry_main
    rtentry.o(.ARM.exidx) refers (Special) to rtentry2.o(.ARM.Collect$$rtentry$$0000000C) for __rt_entry_postli_1
    rtentry.o(.ARM.exidx) refers (Special) to rtentry2.o(.ARM.Collect$$rtentry$$00000009) for __rt_entry_postsh_1
    rtentry.o(.ARM.exidx) refers (Special) to rtentry2.o(.ARM.Collect$$rtentry$$00000002) for __rt_entry_presh_1
    rtentry.o(.ARM.exidx) refers (Special) to rtentry4.o(.ARM.Collect$$rtentry$$00000004) for __rt_entry_sh
    rtentry.o(.ARM.exidx) refers to rtentry.o(.ARM.Collect$$rtentry$$00000000) for .ARM.Collect$$rtentry$$00000000
    aeabi_idiv0_sigfpe.o(.text) refers to target.o(.text) for __rt_div0
    libinit2.o(.ARM.Collect$$libinit$$00000009) refers (Weak) to rand.o(.text) for _rand_init
    libinit2.o(.ARM.Collect$$libinit$$0000000C) refers to libinit2.o(.ARM.Collect$$libinit$$0000000B) for .ARM.Collect$$libinit$$0000000B
    libinit2.o(.ARM.Collect$$libinit$$0000000E) refers to libinit2.o(.ARM.Collect$$libinit$$0000000B) for .ARM.Collect$$libinit$$0000000B
    libinit2.o(.ARM.Collect$$libinit$$00000010) refers to libinit2.o(.ARM.Collect$$libinit$$0000000B) for .ARM.Collect$$libinit$$0000000B
    libinit2.o(.ARM.Collect$$libinit$$00000012) refers to libinit2.o(.ARM.Collect$$libinit$$0000000B) for .ARM.Collect$$libinit$$0000000B
    libinit2.o(.ARM.Collect$$libinit$$00000014) refers to libinit2.o(.ARM.Collect$$libinit$$0000000B) for .ARM.Collect$$libinit$$0000000B
    libinit2.o(.ARM.Collect$$libinit$$00000022) refers to argv_veneer.o(.emb_text) for __ARM_argv_veneer
    libinit2.o(.ARM.Collect$$libinit$$00000023) refers to argv_veneer.o(.emb_text) for __ARM_argv_veneer
    rtentry2.o(.ARM.Collect$$rtentry$$00000008) refers to boardinit2.o(.text) for _platform_post_stackheap_init
    rtentry2.o(.ARM.Collect$$rtentry$$0000000A) refers to libinit.o(.ARM.Collect$$libinit$$00000000) for __rt_lib_init
    rtentry2.o(.ARM.Collect$$rtentry$$0000000B) refers to boardinit3.o(.text) for _platform_post_lib_init
    rtentry2.o(.ARM.Collect$$rtentry$$0000000D) refers to exit.o(.text) for exit
    rtentry2.o(.ARM.Collect$$rtentry$$0000000D) refers to main.o(.text) for main
    rtentry2.o(.ARM.exidx) refers to rtentry2.o(.ARM.Collect$$rtentry$$00000001) for .ARM.Collect$$rtentry$$00000001
    rtentry2.o(.ARM.exidx) refers to rtentry2.o(.ARM.Collect$$rtentry$$00000002) for .ARM.Collect$$rtentry$$00000002
    rtentry2.o(.ARM.exidx) refers to rtentry2.o(.ARM.Collect$$rtentry$$00000008) for .ARM.Collect$$rtentry$$00000008
    rtentry2.o(.ARM.exidx) refers to rtentry2.o(.ARM.Collect$$rtentry$$00000009) for .ARM.Collect$$rtentry$$00000009
    rtentry2.o(.ARM.exidx) refers to rtentry2.o(.ARM.Collect$$rtentry$$0000000A) for .ARM.Collect$$rtentry$$0000000A
    rtentry2.o(.ARM.exidx) refers to rtentry2.o(.ARM.Collect$$rtentry$$0000000B) for .ARM.Collect$$rtentry$$0000000B
    rtentry2.o(.ARM.exidx) refers to rtentry2.o(.ARM.Collect$$rtentry$$0000000C) for .ARM.Collect$$rtentry$$0000000C
    rtentry2.o(.ARM.exidx) refers to rtentry2.o(.ARM.Collect$$rtentry$$0000000D) for .ARM.Collect$$rtentry$$0000000D
    rtentry4.o(.ARM.Collect$$rtentry$$00000004) refers to sys_stackheap_outer.o(.text) for __user_setup_stackheap
    rtentry4.o(.ARM.exidx) refers to rtentry4.o(.ARM.Collect$$rtentry$$00000004) for .ARM.Collect$$rtentry$$00000004
    argv_veneer.o(.emb_text) refers to no_argv.o(.text) for __ARM_get_argv
    sys_stackheap_outer.o(.text) refers to libspace.o(.text) for __user_perproc_libspace
    sys_stackheap_outer.o(.text) refers to startup.o(vectors) for __user_initial_stackheap
    exit.o(.text) refers to rtexit.o(.ARM.Collect$$rtexit$$00000000) for __rt_exit
    _get_argv_nomalloc.o(.text) refers (Special) to hrguard.o(.text) for __heap_region$guard
    _get_argv_nomalloc.o(.text) refers to defsig_rtmem_outer.o(.text) for __rt_SIGRTMEM
    _get_argv_nomalloc.o(.text) refers to target.o(.text) for _sys_command_string
    libinit.o(.ARM.Collect$$libinit$$00000000) refers (Special) to libinit2.o(.ARM.Collect$$libinit$$0000002A) for __rt_lib_init_alloca_1
    libinit.o(.ARM.Collect$$libinit$$00000000) refers (Special) to libinit2.o(.ARM.Collect$$libinit$$00000028) for __rt_lib_init_argv_1
    libinit.o(.ARM.Collect$$libinit$$00000000) refers (Special) to libinit2.o(.ARM.Collect$$libinit$$00000017) for __rt_lib_init_atexit_1
    libinit.o(.ARM.Collect$$libinit$$00000000) refers (Special) to libinit2.o(.ARM.Collect$$libinit$$0000001D) for __rt_lib_init_clock_1
    libinit.o(.ARM.Collect$$libinit$$00000000) refers (Special) to libinit2.o(.ARM.Collect$$libinit$$0000002E) for __rt_lib_init_cpp_1
    libinit.o(.ARM.Collect$$libinit$$00000000) refers (Special) to libinit2.o(.ARM.Collect$$libinit$$0000002C) for __rt_lib_init_exceptions_1
    libinit.o(.ARM.Collect$$libinit$$00000000) refers (Special) to libinit2.o(.ARM.Collect$$libinit$$0000001B) for __rt_lib_init_fp_trap_1
    libinit.o(.ARM.Collect$$libinit$$00000000) refers (Special) to libinit2.o(.ARM.Collect$$libinit$$0000001F) for __rt_lib_init_getenv_1
    libinit.o(.ARM.Collect$$libinit$$00000000) refers (Special) to libinit2.o(.ARM.Collect$$libinit$$00000006) for __rt_lib_init_heap_1
    libinit.o(.ARM.Collect$$libinit$$00000000) refers (Special) to libinit2.o(.ARM.Collect$$libinit$$0000000D) for __rt_lib_init_lc_collate_1
    libinit.o(.ARM.Collect$$libinit$$00000000) refers (Special) to libinit2.o(.ARM.Collect$$libinit$$0000000F) for __rt_lib_init_lc_ctype_1
    libinit.o(.ARM.Collect$$libinit$$00000000) refers (Special) to libinit2.o(.ARM.Collect$$libinit$$00000011) for __rt_lib_init_lc_monetary_1
    libinit.o(.ARM.Collect$$libinit$$00000000) refers (Special) to libinit2.o(.ARM.Collect$$libinit$$00000013) for __rt_lib_init_lc_numeric_1
    libinit.o(.ARM.Collect$$libinit$$00000000) refers (Special) to libinit2.o(.ARM.Collect$$libinit$$00000015) for __rt_lib_init_lc_time_1
    libinit.o(.ARM.Collect$$libinit$$00000000) refers (Special) to libinit2.o(.ARM.Collect$$libinit$$0000000A) for __rt_lib_init_rand_1
    libinit.o(.ARM.Collect$$libinit$$00000000) refers (Special) to libinit2.o(.ARM.Collect$$libinit$$0000002F) for __rt_lib_init_return
    libinit.o(.ARM.Collect$$libinit$$00000000) refers (Special) to libinit2.o(.ARM.Collect$$libinit$$00000019) for __rt_lib_init_signal_1
    libinit.o(.ARM.Collect$$libinit$$00000000) refers (Special) to libinit2.o(.ARM.Collect$$libinit$$00000021) for __rt_lib_init_stdio_1
    libinit.o(.ARM.Collect$$libinit$$00000000) refers (Special) to libinit2.o(.ARM.Collect$$libinit$$00000008) for __rt_lib_init_user_alloc_1
    libinit.o(.ARM.Collect$$libinit$$00000000) refers to fpinit.o(x$fpl$fpinit) for _fp_init
    libspace.o(.text) refers to libspace.o(.bss) for __libspace_start
    rtexit.o(.ARM.Collect$$rtexit$$00000000) refers (Special) to rtexit2.o(.ARM.Collect$$rtexit$$00000004) for __rt_exit_exit
    rtexit.o(.ARM.Collect$$rtexit$$00000000) refers (Special) to rtexit2.o(.ARM.Collect$$rtexit$$00000003) for __rt_exit_ls
    rtexit.o(.ARM.Collect$$rtexit$$00000000) refers (Special) to rtexit2.o(.ARM.Collect$$rtexit$$00000002) for __rt_exit_prels_1
    rtexit.o(.ARM.exidx) refers (Special) to rtexit2.o(.ARM.Collect$$rtexit$$00000004) for __rt_exit_exit
    rtexit.o(.ARM.exidx) refers (Special) to rtexit2.o(.ARM.Collect$$rtexit$$00000003) for __rt_exit_ls
    rtexit.o(.ARM.exidx) refers (Special) to rtexit2.o(.ARM.Collect$$rtexit$$00000002) for __rt_exit_prels_1
    rtexit.o(.ARM.exidx) refers to rtexit.o(.ARM.Collect$$rtexit$$00000000) for .ARM.Collect$$rtexit$$00000000
    defsig_rtmem_outer.o(.text) refers to defsig_rtmem_inner.o(.text) for __rt_SIGRTMEM_inner
    defsig_rtmem_outer.o(.text) refers to defsig_exit.o(.text) for __sig_exit
    defsig_rtmem_formal.o(.text) refers to rt_raise.o(.text) for __rt_raise
    fpinit.o(x$fpl$fpinit) refers to rt_fp_status_addr_intlibspace.o(.text) for __rt_fp_status_addr
    rtexit2.o(.ARM.Collect$$rtexit$$00000003) refers to libshutdown.o(.ARM.Collect$$libshutdown$$00000000) for __rt_lib_shutdown
    rtexit2.o(.ARM.Collect$$rtexit$$00000004) refers to target.o(.text) for _sys_exit
    rtexit2.o(.ARM.exidx) refers to rtexit2.o(.ARM.Collect$$rtexit$$00000001) for .ARM.Collect$$rtexit$$00000001
    rtexit2.o(.ARM.exidx) refers to rtexit2.o(.ARM.Collect$$rtexit$$00000002) for .ARM.Collect$$rtexit$$00000002
    rtexit2.o(.ARM.exidx) refers to rtexit2.o(.ARM.Collect$$rtexit$$00000003) for .ARM.Collect$$rtexit$$00000003
    rtexit2.o(.ARM.exidx) refers to rtexit2.o(.ARM.Collect$$rtexit$$00000004) for .ARM.Collect$$rtexit$$00000004
    rt_raise.o(.text) refers to __raise.o(.text) for __raise
    rt_raise.o(.text) refers to target.o(.text) for _sys_exit
    rt_fp_status_addr.o(.text) refers to rt_fp_status_addr.o(.bss) for __rt_fp_status_addr_data
    rt_fp_status_addr_intlibspace.o(.text) refers to libspace.o(.bss) for __libspace_start
    defsig_exit.o(.text) refers to target.o(.text) for _sys_exit
    defsig_rtmem_inner.o(.text) refers to defsig_general.o(.text) for __default_signal_display
    __raise.o(.text) refers to __raise.o(i.__ARM_common_call_via_r2) for __ARM_common_call_via_r2
    __raise.o(.text) refers to defsig.o(CL$$defsig) for __default_signal_handler
    defsig_general.o(.text) refers to target.o(.text) for _ttywrch
    libshutdown.o(.ARM.Collect$$libshutdown$$00000000) refers (Special) to libshutdown2.o(.ARM.Collect$$libshutdown$$00000006) for __rt_lib_shutdown_fp_trap_1
    libshutdown.o(.ARM.Collect$$libshutdown$$00000000) refers (Special) to libshutdown2.o(.ARM.Collect$$libshutdown$$0000000E) for __rt_lib_shutdown_heap_1
    libshutdown.o(.ARM.Collect$$libshutdown$$00000000) refers (Special) to libshutdown2.o(.ARM.Collect$$libshutdown$$0000000F) for __rt_lib_shutdown_return
    libshutdown.o(.ARM.Collect$$libshutdown$$00000000) refers (Special) to libshutdown2.o(.ARM.Collect$$libshutdown$$00000009) for __rt_lib_shutdown_signal_1
    libshutdown.o(.ARM.Collect$$libshutdown$$00000000) refers (Special) to libshutdown2.o(.ARM.Collect$$libshutdown$$00000003) for __rt_lib_shutdown_stdio_1
    libshutdown.o(.ARM.Collect$$libshutdown$$00000000) refers (Special) to libshutdown2.o(.ARM.Collect$$libshutdown$$0000000B) for __rt_lib_shutdown_user_alloc_1
    defsig.o(CL$$defsig) refers to defsig_rtmem_inner.o(.text) for __rt_SIGRTMEM_inner
    defsig_abrt_inner.o(.text) refers to defsig_general.o(.text) for __default_signal_display
    defsig_fpe_inner.o(.text) refers to defsig_general.o(.text) for __default_signal_display
    defsig_rtred_inner.o(.text) refers to defsig_general.o(.text) for __default_signal_display
    defsig_stak_inner.o(.text) refers to defsig_general.o(.text) for __default_signal_display
    defsig_pvfn_inner.o(.text) refers to defsig_general.o(.text) for __default_signal_display
    defsig_cppl_inner.o(.text) refers to defsig_general.o(.text) for __default_signal_display
    defsig_segv_inner.o(.text) refers to defsig_general.o(.text) for __default_signal_display
    defsig_other.o(.text) refers to defsig_general.o(.text) for __default_signal_display


==============================================================================

Removing Unused input sections from the image.

    Removing os_mbox.o(.text), (1392 bytes).
    Removing os_mutex.o(.text), (2268 bytes).
    Removing os_sem.o(.text), (1160 bytes).
    Removing helper.o(.text), (256 bytes).
    Removing lcd12864.o(.text), (1492 bytes).
    Removing lcd240160.o(.text), (832 bytes).
    Removing uart.o(.text), (376 bytes).

7 unused section(s) (total 7776 bytes) removed from the image.

==============================================================================

Adding Veneers to the image

    Adding AT veneer (8 bytes, Inline) for call to '__rt_lib_init' from rtentry2.o(.ARM.Collect$$rtentry$$0000000A).
    Adding AT veneer (8 bytes, Inline) for call to '__rt_lib_shutdown' from rtexit2.o(.ARM.Collect$$rtexit$$00000003).
    Adding TA veneer (4 bytes, Inline) for call to '__rt_exit' from exit.o(.text).
    Adding AT veneer (8 bytes, Inline) for call to 'srand' from target.o(.text).
    Adding TA veneer (4 bytes, Inline) for call to '_fp_init' from libinit.o(.ARM.Collect$$libinit$$00000000).

5 Veneer(s) (total 32 bytes) added to the image.

==============================================================================

Image Symbol Table

    Local Symbols

    Symbol Name                              Value     Ov Type        Size  Object(Section)

    !!!main                                  0x00000000   Section        8  __main.o(!!!main)
    ../../angel/boardlib.s                   0x00000000   Number         0  boardinit1.o ABSOLUTE
    ../../angel/boardlib.s                   0x00000000   Number         0  boardinit2.o ABSOLUTE
    ../../angel/boardlib.s                   0x00000000   Number         0  boardshut.o ABSOLUTE
    ../../angel/boardlib.s                   0x00000000   Number         0  boardinit3.o ABSOLUTE
    ../../angel/handlers.s                   0x00000000   Number         0  __scatter_zi.o ABSOLUTE
    ../../angel/handlers.s                   0x00000000   Number         0  __scatter_copy.o ABSOLUTE
    ../../angel/kernel.s                     0x00000000   Number         0  rtexit.o ABSOLUTE
    ../../angel/kernel.s                     0x00000000   Number         0  rtentry.o ABSOLUTE
    ../../angel/kernel.s                     0x00000000   Number         0  rtentry4.o ABSOLUTE
    ../../angel/kernel.s                     0x00000000   Number         0  rtentry2.o ABSOLUTE
    ../../angel/kernel.s                     0x00000000   Number         0  rtexit2.o ABSOLUTE
    ../../angel/rt.s                         0x00000000   Number         0  rt_fp_status_addr_intlibspace.o ABSOLUTE
    ../../angel/rt.s                         0x00000000   Number         0  aeabi_idiv0.o ABSOLUTE
    ../../angel/rt.s                         0x00000000   Number         0  aeabi_idiv0_sigfpe.o ABSOLUTE
    ../../angel/rt.s                         0x00000000   Number         0  rt_fp_status_addr.o ABSOLUTE
    ../../angel/rt.s                         0x00000000   Number         0  rt_raise.o ABSOLUTE
    ../../angel/scatter.s                    0x00000000   Number         0  __scatter.o ABSOLUTE
    ../../angel/startup.s                    0x00000000   Number         0  __main.o ABSOLUTE
    ../../angel/sys.s                        0x00000000   Number         0  libspace.o ABSOLUTE
    ../../angel/sys.s                        0x00000000   Number         0  use_no_semi.o ABSOLUTE
    ../../angel/sys.s                        0x00000000   Number         0  sys_stackheap_outer.o ABSOLUTE
    ../../armsys.c                           0x00000000   Number         0  no_argv.o ABSOLUTE
    ../../armsys.c                           0x00000000   Number         0  _get_argv_nomalloc.o ABSOLUTE
    ../../armsys.c                           0x00000000   Number         0  argv_veneer.o ABSOLUTE
    ../../armsys.c                           0x00000000   Number         0  argv_veneer.o ABSOLUTE
    ../../division.s                         0x00000000   Number         0  aeabi_sdiv.o ABSOLUTE
    ../../division.s                         0x00000000   Number         0  aeabi_sdiv_div0.o ABSOLUTE
    ../../divrt.s                            0x00000000   Number         0  divrt_7tdmi.o ABSOLUTE
    ../../divrt.s                            0x00000000   Number         0  divrt_7tdmi_div0.o ABSOLUTE
    ../../fpinit.s                           0x00000000   Number         0  fpinit.o ABSOLUTE
    ../../heapalloc.c                        0x00000000   Number         0  hrguard.o ABSOLUTE
    ../../libinit.s                          0x00000000   Number         0  libinit2.o ABSOLUTE
    ../../libinit.s                          0x00000000   Number         0  libshutdown2.o ABSOLUTE
    ../../libinit.s                          0x00000000   Number         0  libshutdown.o ABSOLUTE
    ../../libinit.s                          0x00000000   Number         0  libinit.o ABSOLUTE
    ../../memcpset.s                         0x00000000   Number         0  rt_memcpy_w.o ABSOLUTE
    ../../memcpset.s                         0x00000000   Number         0  rt_memclr_w.o ABSOLUTE
    ../../signal.c                           0x00000000   Number         0  defsig_exit.o ABSOLUTE
    ../../signal.c                           0x00000000   Number         0  defsig_rtmem_outer.o ABSOLUTE
    ../../signal.c                           0x00000000   Number         0  defsig_rtmem_formal.o ABSOLUTE
    ../../signal.c                           0x00000000   Number         0  defsig_other.o ABSOLUTE
    ../../signal.c                           0x00000000   Number         0  defsig_segv_inner.o ABSOLUTE
    ../../signal.c                           0x00000000   Number         0  defsig_cppl_inner.o ABSOLUTE
    ../../signal.c                           0x00000000   Number         0  defsig_pvfn_inner.o ABSOLUTE
    ../../signal.c                           0x00000000   Number         0  defsig_stak_inner.o ABSOLUTE
    ../../signal.c                           0x00000000   Number         0  defsig_rtred_inner.o ABSOLUTE
    ../../signal.c                           0x00000000   Number         0  defsig_fpe_inner.o ABSOLUTE
    ../../signal.c                           0x00000000   Number         0  defsig_abrt_inner.o ABSOLUTE
    ../../signal.c                           0x00000000   Number         0  defsig_general.o ABSOLUTE
    ../../signal.c                           0x00000000   Number         0  __raise.o ABSOLUTE
    ../../signal.c                           0x00000000   Number         0  defsig_rtmem_inner.o ABSOLUTE
    ../../signal.s                           0x00000000   Number         0  defsig.o ABSOLUTE
    ../../stdlib.c                           0x00000000   Number         0  rand.o ABSOLUTE
    ../../stdlib.c                           0x00000000   Number         0  rand.o ABSOLUTE
    ../../stdlib.c                           0x00000000   Number         0  exit.o ABSOLUTE
    ARM\Os_cpu_a.s                           0x00000000   Number         0  os_cpu_a.o ABSOLUTE
    ARM\Os_cpu_c.c                           0x00000000   Number         0  os_cpu_c.o ABSOLUTE
    Driver\LCD12864.c                        0x00000000   Number         0  lcd12864.o ABSOLUTE
    Driver\Lcd240160.c                       0x00000000   Number         0  lcd240160.o ABSOLUTE
    Driver\uart.c                            0x00000000   Number         0  uart.o ABSOLUTE
    Source\helper.c                          0x00000000   Number         0  helper.o ABSOLUTE
    Source\main.c                            0x00000000   Number         0  main.o ABSOLUTE
    Startup.s                                0x00000000   Number         0  startup.o ABSOLUTE
    Target\IRQ.s                             0x00000000   Number         0  irq.o ABSOLUTE
    Target\Target.c                          0x00000000   Number         0  target.o ABSOLUTE
    UcosII\OS_CORE.C                         0x00000000   Number         0  os_core.o ABSOLUTE
    UcosII\OS_FLAG.C                         0x00000000   Number         0  os_flag.o ABSOLUTE
    UcosII\OS_MBOX.C                         0x00000000   Number         0  os_mbox.o ABSOLUTE
    UcosII\OS_MEM.C                          0x00000000   Number         0  os_mem.o ABSOLUTE
    UcosII\OS_MUTEX.C                        0x00000000   Number         0  os_mutex.o ABSOLUTE
    UcosII\OS_Q.C                            0x00000000   Number         0  os_q.o ABSOLUTE
    UcosII\OS_SEM.C                          0x00000000   Number         0  os_sem.o ABSOLUTE
    UcosII\OS_TASK.C                         0x00000000   Number         0  os_task.o ABSOLUTE
    UcosII\OS_TIME.C                         0x00000000   Number         0  os_time.o ABSOLUTE
    dc.s                                     0x00000000   Number         0  dc.o ABSOLUTE
    !!!scatter                               0x00000008   Section       60  __scatter.o(!!!scatter)
    !!handler_copy                           0x00000044   Section       40  __scatter_copy.o(!!handler_copy)
    !!handler_zi                             0x0000006c   Section       44  __scatter_zi.o(!!handler_zi)
    .ARM.Collect$$libinit$$00000000          0x000000a0   Section        6  libinit.o(.ARM.Collect$$libinit$$00000000)
    .ARM.Collect$$libinit$$00000006          0x000000a6   Section        0  libinit2.o(.ARM.Collect$$libinit$$00000006)
    .ARM.Collect$$libinit$$00000008          0x000000a6   Section        0  libinit2.o(.ARM.Collect$$libinit$$00000008)
    .ARM.Collect$$libinit$$00000009          0x000000a6   Section        4  libinit2.o(.ARM.Collect$$libinit$$00000009)
    .ARM.Collect$$libinit$$0000000A          0x000000aa   Section        0  libinit2.o(.ARM.Collect$$libinit$$0000000A)
    .ARM.Collect$$libinit$$0000000D          0x000000aa   Section        0  libinit2.o(.ARM.Collect$$libinit$$0000000D)
    .ARM.Collect$$libinit$$0000000F          0x000000aa   Section        0  libinit2.o(.ARM.Collect$$libinit$$0000000F)
    .ARM.Collect$$libinit$$00000011          0x000000aa   Section        0  libinit2.o(.ARM.Collect$$libinit$$00000011)
    .ARM.Collect$$libinit$$00000013          0x000000aa   Section        0  libinit2.o(.ARM.Collect$$libinit$$00000013)
    .ARM.Collect$$libinit$$00000015          0x000000aa   Section        0  libinit2.o(.ARM.Collect$$libinit$$00000015)
    .ARM.Collect$$libinit$$00000017          0x000000aa   Section        0  libinit2.o(.ARM.Collect$$libinit$$00000017)
    .ARM.Collect$$libinit$$00000019          0x000000aa   Section        0  libinit2.o(.ARM.Collect$$libinit$$00000019)
    .ARM.Collect$$libinit$$0000001B          0x000000aa   Section        0  libinit2.o(.ARM.Collect$$libinit$$0000001B)
    .ARM.Collect$$libinit$$0000001D          0x000000aa   Section        0  libinit2.o(.ARM.Collect$$libinit$$0000001D)
    .ARM.Collect$$libinit$$0000001F          0x000000aa   Section        0  libinit2.o(.ARM.Collect$$libinit$$0000001F)
    .ARM.Collect$$libinit$$00000021          0x000000aa   Section        0  libinit2.o(.ARM.Collect$$libinit$$00000021)
    .ARM.Collect$$libinit$$00000028          0x000000aa   Section        0  libinit2.o(.ARM.Collect$$libinit$$00000028)
    .ARM.Collect$$libinit$$0000002A          0x000000aa   Section        0  libinit2.o(.ARM.Collect$$libinit$$0000002A)
    .ARM.Collect$$libinit$$0000002C          0x000000aa   Section        0  libinit2.o(.ARM.Collect$$libinit$$0000002C)
    .ARM.Collect$$libinit$$0000002E          0x000000aa   Section        0  libinit2.o(.ARM.Collect$$libinit$$0000002E)
    .ARM.Collect$$libinit$$0000002F          0x000000aa   Section       12  libinit2.o(.ARM.Collect$$libinit$$0000002F)
    .ARM.Collect$$libshutdown$$00000000      0x000000c0   Section        4  libshutdown.o(.ARM.Collect$$libshutdown$$00000000)
    .ARM.Collect$$libshutdown$$00000003      0x000000c4   Section        0  libshutdown2.o(.ARM.Collect$$libshutdown$$00000003)
    .ARM.Collect$$libshutdown$$00000006      0x000000c4   Section        0  libshutdown2.o(.ARM.Collect$$libshutdown$$00000006)
    .ARM.Collect$$libshutdown$$00000009      0x000000c4   Section        0  libshutdown2.o(.ARM.Collect$$libshutdown$$00000009)
    .ARM.Collect$$libshutdown$$0000000B      0x000000c4   Section        0  libshutdown2.o(.ARM.Collect$$libshutdown$$0000000B)
    .ARM.Collect$$libshutdown$$0000000E      0x000000c4   Section        0  libshutdown2.o(.ARM.Collect$$libshutdown$$0000000E)
    .ARM.Collect$$libshutdown$$0000000F      0x000000c4   Section        6  libshutdown2.o(.ARM.Collect$$libshutdown$$0000000F)
    .ARM.Collect$$rtentry$$00000000          0x000000cc   Section        0  rtentry.o(.ARM.Collect$$rtentry$$00000000)
    .ARM.Collect$$rtentry$$00000002          0x000000cc   Section        0  rtentry2.o(.ARM.Collect$$rtentry$$00000002)
    .ARM.Collect$$rtentry$$00000004          0x000000cc   Section        8  rtentry4.o(.ARM.Collect$$rtentry$$00000004)
    .ARM.Collect$$rtentry$$00000009          0x000000d4   Section        0  rtentry2.o(.ARM.Collect$$rtentry$$00000009)
    .ARM.Collect$$rtentry$$0000000A          0x000000d4   Section        4  rtentry2.o(.ARM.Collect$$rtentry$$0000000A)
    .ARM.Collect$$rtentry$$0000000C          0x000000d8   Section        0  rtentry2.o(.ARM.Collect$$rtentry$$0000000C)
    .ARM.Collect$$rtentry$$0000000D          0x000000d8   Section       40  rtentry2.o(.ARM.Collect$$rtentry$$0000000D)
    .ARM.Collect$$rtexit$$00000000           0x00000104   Section        4  rtexit.o(.ARM.Collect$$rtexit$$00000000)
    .ARM.Collect$$rtexit$$00000002           0x00000108   Section        0  rtexit2.o(.ARM.Collect$$rtexit$$00000002)
    .ARM.Collect$$rtexit$$00000003           0x00000108   Section        4  rtexit2.o(.ARM.Collect$$rtexit$$00000003)
    .ARM.Collect$$rtexit$$00000004           0x0000010c   Section        8  rtexit2.o(.ARM.Collect$$rtexit$$00000004)
    .text                                    0x00000114   Section        0  os_cpu_c.o(.text)
    .text                                    0x0000039c   Section        0  os_core.o(.text)
    OS_InitTaskIdle                          0x000003c8   ARM Code      68  os_core.o(.text)
    OS_InitEventList                         0x0000040c   ARM Code      80  os_core.o(.text)
    OS_InitTCBList                           0x0000045c   ARM Code     116  os_core.o(.text)
    OS_InitRdyList                           0x000004d0   ARM Code      88  os_core.o(.text)
    OS_InitMisc                              0x00000528   ARM Code      64  os_core.o(.text)
    .text                                    0x00000d80   Section        0  os_flag.o(.text)
    OS_FlagTaskRdy                           0x0000101c   ARM Code     140  os_flag.o(.text)
    OS_FlagBlock                             0x00001200   ARM Code     220  os_flag.o(.text)
    .text                                    0x000018c0   Section        0  os_mem.o(.text)
    .text                                    0x00001b98   Section        0  os_q.o(.text)
    .text                                    0x00002478   Section        0  os_task.o(.text)
    .text                                    0x00002de8   Section        0  os_time.o(.text)
    .text                                    0x0000306c   Section        0  main.o(.text)
    .text                                    0x000033fc   Section        0  target.o(.text)
    .text                                    0x00003764   Section        4  use_no_semi.o(.text)
    .text                                    0x00003770   Section        0  rand.o(.text)
    .text                                    0x000037b0   Section      100  rt_memcpy_w.o(.text)
    .text                                    0x00003814   Section       84  rt_memclr_w.o(.text)
    .text                                    0x00003868   Section      384  aeabi_sdiv.o(.text)
    __arm_div8                               0x00003894   ARM Code       0  aeabi_sdiv.o(.text)
    __arm_div5                               0x000038b8   ARM Code       0  aeabi_sdiv.o(.text)
    __arm_div2                               0x000038dc   ARM Code       0  aeabi_sdiv.o(.text)
    __arm_div_large                          0x00003918   ARM Code       0  aeabi_sdiv.o(.text)
    .text                                    0x000039e8   Section       96  sys_stackheap_outer.o(.text)
    .text                                    0x00003a48   Section        0  exit.o(.text)
    .text                                    0x00003a54   Section       12  libspace.o(.text)
    .text                                    0x00003a60   Section       16  rt_fp_status_addr_intlibspace.o(.text)
    .text_udiv                               0x00003a70   Section       36  aeabi_sdiv.o(.text_udiv)
    IRQ                                      0x00003a94   Section      280  irq.o(IRQ)
    subr                                     0x00003bac   Section      272  os_cpu_a.o(subr)
    vectors                                  0x00003cbc   Section      184  startup.o(vectors)
    Undefined                                0x00003cfc   ARM Code       0  startup.o(vectors)
    PrefetchAbort                            0x00003d00   ARM Code       0  startup.o(vectors)
    DataAbort                                0x00003d04   ARM Code       0  startup.o(vectors)
    FIQ_Handler                              0x00003d08   ARM Code       0  startup.o(vectors)
    ResetInit                                0x00003d48   ARM Code       0  startup.o(vectors)
    x$fpl$fpinit                             0x00003d78   Section       24  fpinit.o(x$fpl$fpinit)
    .constdata                               0x00003d90   Section      264  os_core.o(.constdata)
    .data                                    0x40000000   Section        4  os_cpu_c.o(.data)
    .data                                    0x40000004   Section       60  os_core.o(.data)
    .bss                                     0x40000040   Section     4500  os_core.o(.bss)
    .bss                                     0x400011d4   Section      512  main.o(.bss)
    .bss                                     0x400013d4   Section      228  rand.o(.bss)
    .bss                                     0x400014b8   Section       96  libspace.o(.bss)
    Heap                                     0x40001518   Section        1  startup.o(Heap)
    MyStacks                                 0x4000151c   Section      288  startup.o(MyStacks)
    IrqStackSpace                            0x4000151c   Data         288  startup.o(MyStacks)
    SWIStacks                                0x4000163c   Section      128  os_cpu_a.o(SWIStacks)
    AbtStackSpace                            0x4000163c   Data           0  startup.o(MyStacks)
    FiqStackSpace                            0x4000163c   Data           0  startup.o(MyStacks)
    SvcStackSpace                            0x4000163c   Data         128  os_cpu_a.o(SWIStacks)
    UndtStackSpace                           0x4000163c   Data           0  startup.o(MyStacks)
    Stacks                                   0x400016bc   Section        0  startup.o(Stacks)

    Global Symbols

    Symbol Name                              Value     Ov Type        Size  Object(Section)

    BuildAttributes$$THM_ISAv1$ARM_ISAv4$S$PE$A:L22$X:L11$S22$IEEE1$IW$USESV6$~STKCKD$USESV7$~SHL$OSPACE$ROPI$EBA8$UX$STANDARDLIB$REQ8$PRES8$EABIv2 0x00000000   Number         0  anon$$obj.o ABSOLUTE
    __ARM_use_no_argv                        0x00000000   Number         0  main.o ABSOLUTE
    __main                                   0x00000000   ARM Code       8  __main.o(!!!main)
    __ARM_exceptions_init                     - Undefined Weak Reference
    __alloca_initialize                       - Undefined Weak Reference
    __cpp_initialize__aeabi_                  - Undefined Weak Reference
    __cxa_finalize                            - Undefined Weak Reference
    __rt_locale                               - Undefined Weak Reference
    __sigvec_lookup                           - Undefined Weak Reference
    _atexit_init                              - Undefined Weak Reference
    _call_atexit_fns                          - Undefined Weak Reference
    _clock_init                               - Undefined Weak Reference
    _fp_trap_init                             - Undefined Weak Reference
    _fp_trap_shutdown                         - Undefined Weak Reference
    _get_lc_collate                           - Undefined Weak Reference
    _get_lc_ctype                             - Undefined Weak Reference
    _get_lc_monetary                          - Undefined Weak Reference
    _get_lc_numeric                           - Undefined Weak Reference
    _get_lc_time                              - Undefined Weak Reference
    _getenv_init                              - Undefined Weak Reference
    _handle_redirection                       - Undefined Weak Reference
    _init_alloc                               - Undefined Weak Reference
    _init_user_alloc                          - Undefined Weak Reference
    _initio                                   - Undefined Weak Reference
    _signal_finish                            - Undefined Weak Reference
    _signal_init                              - Undefined Weak Reference
    _terminate_alloc                          - Undefined Weak Reference
    _terminate_user_alloc                     - Undefined Weak Reference
    _terminateio                              - Undefined Weak Reference
    __scatterload                            0x00000008   ARM Code       0  __scatter.o(!!!scatter)
    __scatterload_rt2                        0x00000008   ARM Code      52  __scatter.o(!!!scatter)
    __scatterload_null                       0x0000001c   ARM Code       0  __scatter.o(!!!scatter)
    __scatterload_copy                       0x00000044   ARM Code      40  __scatter_copy.o(!!handler_copy)
    __scatterload_zeroinit                   0x0000006c   ARM Code      44  __scatter_zi.o(!!handler_zi)
    Inline ARM to Thumb Veneer to __rt_lib_init 0x00000098   ARM Code       8  libinit.o(.ARM.Collect$$libinit$$00000000)
    __rt_lib_init                            0x000000a1   Thumb Code     0  libinit.o(.ARM.Collect$$libinit$$00000000)
    __rt_lib_init_heap_1                     0x000000a7   Thumb Code     0  libinit2.o(.ARM.Collect$$libinit$$00000006)
    __rt_lib_init_rand_2                     0x000000a7   Thumb Code     0  libinit2.o(.ARM.Collect$$libinit$$00000009)
    __rt_lib_init_user_alloc_1               0x000000a7   Thumb Code     0  libinit2.o(.ARM.Collect$$libinit$$00000008)
    __rt_lib_init_alloca_1                   0x000000ab   Thumb Code     0  libinit2.o(.ARM.Collect$$libinit$$0000002A)
    __rt_lib_init_argv_1                     0x000000ab   Thumb Code     0  libinit2.o(.ARM.Collect$$libinit$$00000028)
    __rt_lib_init_atexit_1                   0x000000ab   Thumb Code     0  libinit2.o(.ARM.Collect$$libinit$$00000017)
    __rt_lib_init_clock_1                    0x000000ab   Thumb Code     0  libinit2.o(.ARM.Collect$$libinit$$0000001D)
    __rt_lib_init_cpp_1                      0x000000ab   Thumb Code     0  libinit2.o(.ARM.Collect$$libinit$$0000002E)
    __rt_lib_init_exceptions_1               0x000000ab   Thumb Code     0  libinit2.o(.ARM.Collect$$libinit$$0000002C)
    __rt_lib_init_fp_trap_1                  0x000000ab   Thumb Code     0  libinit2.o(.ARM.Collect$$libinit$$0000001B)
    __rt_lib_init_getenv_1                   0x000000ab   Thumb Code     0  libinit2.o(.ARM.Collect$$libinit$$0000001F)
    __rt_lib_init_lc_collate_1               0x000000ab   Thumb Code     0  libinit2.o(.ARM.Collect$$libinit$$0000000D)
    __rt_lib_init_lc_ctype_1                 0x000000ab   Thumb Code     0  libinit2.o(.ARM.Collect$$libinit$$0000000F)
    __rt_lib_init_lc_monetary_1              0x000000ab   Thumb Code     0  libinit2.o(.ARM.Collect$$libinit$$00000011)
    __rt_lib_init_lc_numeric_1               0x000000ab   Thumb Code     0  libinit2.o(.ARM.Collect$$libinit$$00000013)
    __rt_lib_init_lc_time_1                  0x000000ab   Thumb Code     0  libinit2.o(.ARM.Collect$$libinit$$00000015)
    __rt_lib_init_rand_1                     0x000000ab   Thumb Code     0  libinit2.o(.ARM.Collect$$libinit$$0000000A)
    __rt_lib_init_return                     0x000000ab   Thumb Code     0  libinit2.o(.ARM.Collect$$libinit$$0000002F)
    __rt_lib_init_signal_1                   0x000000ab   Thumb Code     0  libinit2.o(.ARM.Collect$$libinit$$00000019)
    __rt_lib_init_stdio_1                    0x000000ab   Thumb Code     0  libinit2.o(.ARM.Collect$$libinit$$00000021)
    Inline ARM to Thumb Veneer to __rt_lib_shutdown 0x000000b8   ARM Code       8  libshutdown.o(.ARM.Collect$$libshutdown$$00000000)
    __rt_lib_shutdown                        0x000000c1   Thumb Code     0  libshutdown.o(.ARM.Collect$$libshutdown$$00000000)
    __rt_lib_shutdown_fp_trap_1              0x000000c5   Thumb Code     0  libshutdown2.o(.ARM.Collect$$libshutdown$$00000006)
    __rt_lib_shutdown_heap_1                 0x000000c5   Thumb Code     0  libshutdown2.o(.ARM.Collect$$libshutdown$$0000000E)
    __rt_lib_shutdown_return                 0x000000c5   Thumb Code     0  libshutdown2.o(.ARM.Collect$$libshutdown$$0000000F)
    __rt_lib_shutdown_signal_1               0x000000c5   Thumb Code     0  libshutdown2.o(.ARM.Collect$$libshutdown$$00000009)
    __rt_lib_shutdown_stdio_1                0x000000c5   Thumb Code     0  libshutdown2.o(.ARM.Collect$$libshutdown$$00000003)
    __rt_lib_shutdown_user_alloc_1           0x000000c5   Thumb Code     0  libshutdown2.o(.ARM.Collect$$libshutdown$$0000000B)
    __rt_entry                               0x000000cc   ARM Code       0  rtentry.o(.ARM.Collect$$rtentry$$00000000)
    __rt_entry_presh_1                       0x000000cc   ARM Code       0  rtentry2.o(.ARM.Collect$$rtentry$$00000002)
    __rt_entry_sh                            0x000000cc   ARM Code       0  rtentry4.o(.ARM.Collect$$rtentry$$00000004)
    __rt_entry_li                            0x000000d4   ARM Code       0  rtentry2.o(.ARM.Collect$$rtentry$$0000000A)
    __rt_entry_postsh_1                      0x000000d4   ARM Code       0  rtentry2.o(.ARM.Collect$$rtentry$$00000009)
    __rt_entry_main                          0x000000d8   ARM Code       0  rtentry2.o(.ARM.Collect$$rtentry$$0000000D)
    __rt_entry_postli_1                      0x000000d8   ARM Code       0  rtentry2.o(.ARM.Collect$$rtentry$$0000000C)
    Inline Thumb to ARM Veneer to __rt_exit  0x00000101   Thumb Code     4  rtexit.o(.ARM.Collect$$rtexit$$00000000)
    __rt_exit                                0x00000104   ARM Code       0  rtexit.o(.ARM.Collect$$rtexit$$00000000)
    __rt_exit_ls                             0x00000108   ARM Code       0  rtexit2.o(.ARM.Collect$$rtexit$$00000003)
    __rt_exit_prels_1                        0x00000108   ARM Code       0  rtexit2.o(.ARM.Collect$$rtexit$$00000002)
    __rt_exit_exit                           0x0000010c   ARM Code       0  rtexit2.o(.ARM.Collect$$rtexit$$00000004)
    OSTaskStkInit                            0x00000114   ARM Code     232  os_cpu_c.o(.text)
    SWI_Exception                            0x000001fc   ARM Code     344  os_cpu_c.o(.text)
    OSStartHighRdy                           0x00000354   ARM Code      16  os_cpu_c.o(.text)
    OSInitHookBegin                          0x00000364   ARM Code       4  os_cpu_c.o(.text)
    OSInitHookEnd                            0x00000368   ARM Code       4  os_cpu_c.o(.text)
    OSTaskCreateHook                         0x0000036c   ARM Code       8  os_cpu_c.o(.text)
    OSTaskDelHook                            0x00000374   ARM Code       8  os_cpu_c.o(.text)
    OSTaskSwHook                             0x0000037c   ARM Code       4  os_cpu_c.o(.text)
    OSTaskStatHook                           0x00000380   ARM Code       4  os_cpu_c.o(.text)
    OSTCBInitHook                            0x00000384   ARM Code       8  os_cpu_c.o(.text)
    OSTimeTickHook                           0x0000038c   ARM Code       4  os_cpu_c.o(.text)
    OSTaskIdleHook                           0x00000390   ARM Code       4  os_cpu_c.o(.text)
    OS_TaskIdle                              0x0000039c   ARM Code      44  os_core.o(.text)
    OSInit                                   0x00000568   ARM Code      52  os_core.o(.text)
    OSIntEnter                               0x0000059c   ARM Code      56  os_core.o(.text)
    OSIntExit                                0x000005d4   ARM Code     256  os_core.o(.text)
    OSSchedLock                              0x000006d4   ARM Code      72  os_core.o(.text)
    OS_Sched                                 0x0000071c   ARM Code     168  os_core.o(.text)
    OSSchedUnlock                            0x000007c4   ARM Code     124  os_core.o(.text)
    OSStart                                  0x00000840   ARM Code     132  os_core.o(.text)
    OSTimeTick                               0x000008c4   ARM Code     212  os_core.o(.text)
    OSVersion                                0x00000998   ARM Code       8  os_core.o(.text)
    OS_Dummy                                 0x000009a0   ARM Code       4  os_core.o(.text)
    OS_EventTaskRdy                          0x000009a4   ARM Code     196  os_core.o(.text)
    OS_EventTaskWait                         0x00000a68   ARM Code     188  os_core.o(.text)
    OS_EventTO                               0x00000b24   ARM Code     116  os_core.o(.text)
    OS_EventWaitListInit                     0x00000b98   ARM Code      52  os_core.o(.text)
    OS_TCBInit                               0x00000bcc   ARM Code     336  os_core.o(.text)
    OSFlagAccept                             0x00000d80   ARM Code     440  os_flag.o(.text)
    OSFlagCreate                             0x00000f38   ARM Code     140  os_flag.o(.text)
    OS_FlagUnlink                            0x00000fc4   ARM Code      88  os_flag.o(.text)
    OSFlagDel                                0x000010a8   ARM Code     344  os_flag.o(.text)
    OSFlagPend                               0x000012dc   ARM Code     816  os_flag.o(.text)
    OSFlagPost                               0x0000160c   ARM Code     496  os_flag.o(.text)
    OSFlagQuery                              0x000017fc   ARM Code      96  os_flag.o(.text)
    OS_FlagInit                              0x0000185c   ARM Code      76  os_flag.o(.text)
    OSMemCreate                              0x000018c0   ARM Code     252  os_mem.o(.text)
    OSMemGet                                 0x000019bc   ARM Code     120  os_mem.o(.text)
    OSMemPut                                 0x00001a34   ARM Code     116  os_mem.o(.text)
    OSMemQuery                               0x00001aa8   ARM Code     120  os_mem.o(.text)
    OS_MemInit                               0x00001b20   ARM Code     112  os_mem.o(.text)
    OSQAccept                                0x00001b98   ARM Code     140  os_q.o(.text)
    OSQCreate                                0x00001c24   ARM Code     236  os_q.o(.text)
    OSQDel                                   0x00001d10   ARM Code     392  os_q.o(.text)
    OSQFlush                                 0x00001e98   ARM Code      92  os_q.o(.text)
    OSQPend                                  0x00001ef4   ARM Code     364  os_q.o(.text)
    OSQPost                                  0x00002060   ARM Code     216  os_q.o(.text)
    OSQPostFront                             0x00002138   ARM Code     220  os_q.o(.text)
    OSQPostOpt                               0x00002214   ARM Code     320  os_q.o(.text)
    OSQQuery                                 0x00002354   ARM Code     204  os_q.o(.text)
    OS_QInit                                 0x00002420   ARM Code      68  os_q.o(.text)
    OSTaskChangePrio                         0x00002478   ARM Code     460  os_task.o(.text)
    OSTaskCreate                             0x00002644   ARM Code     236  os_task.o(.text)
    OSTaskCreateExt                          0x00002730   ARM Code     284  os_task.o(.text)
    OSTaskDel                                0x0000284c   ARM Code     508  os_task.o(.text)
    OSTaskDelReq                             0x00002a48   ARM Code     140  os_task.o(.text)
    OSTaskResume                             0x00002ad4   ARM Code     192  os_task.o(.text)
    OSTaskStkChk                             0x00002b94   ARM Code     192  os_task.o(.text)
    OSTaskSuspend                            0x00002c54   ARM Code     240  os_task.o(.text)
    OSTaskQuery                              0x00002d44   ARM Code     120  os_task.o(.text)
    OSTimeDly                                0x00002de8   ARM Code     140  os_time.o(.text)
    OSTimeDlyHMSM                            0x00002e74   ARM Code     232  os_time.o(.text)
    OSTimeDlyResume                          0x00002f5c   ARM Code     184  os_time.o(.text)
    OSTimeGet                                0x00003014   ARM Code      32  os_time.o(.text)
    OSTimeSet                                0x00003034   ARM Code      32  os_time.o(.text)
    DelayNS                                  0x0000306c   ARM Code      44  main.o(.text)
    BeepCount                                0x00003098   ARM Code      92  main.o(.text)
    KeyDown                                  0x000030f4   ARM Code     200  main.o(.text)
    KeyNum                                   0x000031bc   ARM Code     272  main.o(.text)
    Task2                                    0x000032cc   ARM Code      76  main.o(.text)
    Task1                                    0x00003318   ARM Code      84  main.o(.text)
    main                                     0x0000336c   ARM Code     124  main.o(.text)
    IRQ_Exception                            0x000033fc   ARM Code       8  target.o(.text)
    FIQ_Exception                            0x00003404   ARM Code       8  target.o(.text)
    Timer0_Exception                         0x0000340c   ARM Code      36  target.o(.text)
    Timer0Init                               0x00003430   ARM Code      40  target.o(.text)
    VICInit                                  0x00003458   ARM Code      48  target.o(.text)
    TargetInit                               0x00003488   ARM Code      36  target.o(.text)
    InitialiseUART0                          0x000034ac   ARM Code     148  target.o(.text)
    TargetResetInit                          0x00003540   ARM Code     260  target.o(.text)
    __rt_div0                                0x00003644   ARM Code      16  target.o(.text)
    fputc                                    0x00003654   ARM Code      20  target.o(.text)
    fgetc                                    0x00003668   ARM Code      16  target.o(.text)
    _sys_close                               0x00003678   ARM Code      16  target.o(.text)
    _sys_write                               0x00003688   ARM Code      28  target.o(.text)
    _sys_read                                0x000036a4   ARM Code      28  target.o(.text)
    _ttywrch                                 0x000036c0   ARM Code       8  target.o(.text)
    _sys_istty                               0x000036c8   ARM Code      16  target.o(.text)
    _sys_seek                                0x000036d8   ARM Code      16  target.o(.text)
    _sys_ensure                              0x000036e8   ARM Code      16  target.o(.text)
    _sys_flen                                0x000036f8   ARM Code      16  target.o(.text)
    _sys_tmpnam                              0x00003708   ARM Code      24  target.o(.text)
    _sys_exit                                0x00003720   ARM Code       8  target.o(.text)
    _sys_command_string                      0x00003728   ARM Code      20  target.o(.text)
    __semihosting$guard                      0x00003764   ARM Code       0  use_no_semi.o(.text)
    __use_no_semihosting_swi                 0x00003764   ARM Code       4  use_no_semi.o(.text)
    Inline ARM to Thumb Veneer to srand      0x00003768   ARM Code       8  rand.o(.text)
    srand                                    0x00003771   Thumb Code    48  rand.o(.text)
    _rand_init                               0x000037a1   Thumb Code     4  rand.o(.text)
    __aeabi_memcpy4                          0x000037b0   ARM Code       0  rt_memcpy_w.o(.text)
    __aeabi_memcpy8                          0x000037b0   ARM Code       0  rt_memcpy_w.o(.text)
    __rt_memcpy_w                            0x000037b0   ARM Code     100  rt_memcpy_w.o(.text)
    _memcpy_lastbytes_aligned                0x000037fc   ARM Code       0  rt_memcpy_w.o(.text)
    __aeabi_memclr4                          0x00003814   ARM Code       0  rt_memclr_w.o(.text)
    __aeabi_memclr8                          0x00003814   ARM Code       0  rt_memclr_w.o(.text)
    __rt_memclr_w                            0x00003814   ARM Code      84  rt_memclr_w.o(.text)
    _memset_w                                0x00003818   ARM Code       0  rt_memclr_w.o(.text)
    __aeabi_idiv                             0x00003868   ARM Code       0  aeabi_sdiv.o(.text)
    __aeabi_idivmod                          0x00003868   ARM Code     384  aeabi_sdiv.o(.text)
    __user_setup_stackheap                   0x000039e8   ARM Code      96  sys_stackheap_outer.o(.text)
    exit                                     0x00003a49   Thumb Code    12  exit.o(.text)
    __user_libspace                          0x00003a54   ARM Code      12  libspace.o(.text)
    __user_perproc_libspace                  0x00003a54   ARM Code       0  libspace.o(.text)
    __user_perthread_libspace                0x00003a54   ARM Code       0  libspace.o(.text)
    __rt_fp_status_addr                      0x00003a60   ARM Code      16  rt_fp_status_addr_intlibspace.o(.text)
    __aeabi_uidiv                            0x00003a70   ARM Code       0  aeabi_sdiv.o(.text_udiv)
    __aeabi_uidivmod                         0x00003a70   ARM Code      36  aeabi_sdiv.o(.text_udiv)
    IRQ_Handler                              0x00003a94   ARM Code       0  irq.o(IRQ)
    Timer0_Handler                           0x00003b14   ARM Code       0  irq.o(IRQ)
    SoftwareInterrupt                        0x00003bac   ARM Code       0  os_cpu_a.o(subr)
    OSIntCtxSw                               0x00003be8   ARM Code       0  os_cpu_a.o(subr)
    __OSStartHighRdy                         0x00003c7c   ARM Code       0  os_cpu_a.o(subr)
    Reset                                    0x00003cbc   ARM Code       0  startup.o(vectors)
    __user_initial_stackheap                 0x00003d54   ARM Code       0  startup.o(vectors)
    Inline Thumb to ARM Veneer to _fp_init   0x00003d75   Thumb Code     4  fpinit.o(x$fpl$fpinit)
    _fp_init                                 0x00003d78   ARM Code      24  fpinit.o(x$fpl$fpinit)
    __fplib_config_pureend_doubles           0x00003d88   ARM Code       0  fpinit.o(x$fpl$fpinit)
    OSMapTbl                                 0x00003d90   Data           8  os_core.o(.constdata)
    OSUnMapTbl                               0x00003d98   Data         256  os_core.o(.constdata)
    Region$$Table$$Base                      0x00003e98   Number         0  anon$$obj.o(Region$$Table)
    Region$$Table$$Limit                     0x00003eb8   Number         0  anon$$obj.o(Region$$Table)
    OsEnterSum                               0x40000000   Data           4  os_cpu_c.o(.data)
    OSCtxSwCtr                               0x40000004   Data           4  os_core.o(.data)
    OSEventFreeList                          0x40000008   Data           4  os_core.o(.data)
    OSFlagFreeList                           0x4000000c   Data           4  os_core.o(.data)
    OSIntNesting                             0x40000010   Data           1  os_core.o(.data)
    OSIntExitY                               0x40000011   Data           1  os_core.o(.data)
    OSLockNesting                            0x40000012   Data           1  os_core.o(.data)
    OSPrioCur                                0x40000013   Data           1  os_core.o(.data)
    OSPrioHighRdy                            0x40000014   Data           1  os_core.o(.data)
    OSRdyGrp                                 0x40000015   Data           1  os_core.o(.data)
    OSRdyTbl                                 0x40000016   Data           8  os_core.o(.data)
    OSRunning                                0x4000001e   Data           1  os_core.o(.data)
    OSTaskCtr                                0x4000001f   Data           1  os_core.o(.data)
    OSIdleCtr                                0x40000020   Data           4  os_core.o(.data)
    OSTCBCur                                 0x40000024   Data           4  os_core.o(.data)
    OSTCBFreeList                            0x40000028   Data           4  os_core.o(.data)
    OSTCBHighRdy                             0x4000002c   Data           4  os_core.o(.data)
    OSTCBList                                0x40000030   Data           4  os_core.o(.data)
    OSMemFreeList                            0x40000034   Data           4  os_core.o(.data)
    OSQFreeList                              0x40000038   Data           4  os_core.o(.data)
    OSTime                                   0x4000003c   Data           4  os_core.o(.data)
    OSEventTbl                               0x40000040   Data         160  os_core.o(.bss)
    OSFlagTbl                                0x400000e0   Data          60  os_core.o(.bss)
    OSTaskIdleStk                            0x4000011c   Data         256  os_core.o(.bss)
    OSTCBPrioTbl                             0x4000021c   Data         256  os_core.o(.bss)
    OSTCBTbl                                 0x4000031c   Data        3328  os_core.o(.bss)
    OSMemTbl                                 0x4000101c   Data         200  os_core.o(.bss)
    OSQTbl                                   0x400010e4   Data         240  os_core.o(.bss)
    Task1Stk                                 0x400011d4   Data         256  main.o(.bss)
    Task2Stk                                 0x400012d4   Data         256  main.o(.bss)
    _random_number_data                      0x400013d4   Data         228  rand.o(.bss)
    __libspace_start                         0x400014b8   Data          96  libspace.o(.bss)
    __temporary_stack_top$libspace           0x40001518   Data           0  libspace.o(.bss)
    bottom_of_heap                           0x40001518   Data           1  startup.o(Heap)
    StackUsr                                 0x400016bc   Data           0  startup.o(Stacks)



==============================================================================

Memory Map of the image

  Image Entry point : 0x00000000

  Load Region LR_1 (Base: 0x00000000, Size: 0x00003ef8, Max: 0xffffffff, ABSOLUTE)

    Execution Region ER_RO (Base: 0x00000000, Size: 0x00003eb8, Max: 0xffffffff, ABSOLUTE)

    Base Addr    Size         Type   Attr      Idx    E Section Name        Object

    0x00000000   0x00000008   Code   RO          402  * !!!main             c_t.l(__main.o)(c_t.l)
    0x00000008   0x0000003c   Code   RO          562    !!!scatter          c_t.l(__scatter.o)(c_t.l)
    0x00000044   0x00000028   Code   RO          564    !!handler_copy      c_t.l(__scatter_copy.o)(c_t.l)
    0x0000006c   0x0000002c   Code   RO          566    !!handler_zi        c_t.l(__scatter_zi.o)(c_t.l)
    0x00000098   0x00000008   Ven    RO          485    .ARM.Collect$$libinit$$00000000  c_t.l(libinit.o)(c_t.l)
    0x000000a0   0x00000006   Code   RO          485    .ARM.Collect$$libinit$$00000000  c_t.l(libinit.o)(c_t.l)
    0x000000a6   0x00000000   Code   RO          412    .ARM.Collect$$libinit$$00000006  c_t.l(libinit2.o)(c_t.l)
    0x000000a6   0x00000000   Code   RO          414    .ARM.Collect$$libinit$$00000008  c_t.l(libinit2.o)(c_t.l)
    0x000000a6   0x00000004   Code   RO          415    .ARM.Collect$$libinit$$00000009  c_t.l(libinit2.o)(c_t.l)
    0x000000aa   0x00000000   Code   RO          416    .ARM.Collect$$libinit$$0000000A  c_t.l(libinit2.o)(c_t.l)
    0x000000aa   0x00000000   Code   RO          419    .ARM.Collect$$libinit$$0000000D  c_t.l(libinit2.o)(c_t.l)
    0x000000aa   0x00000000   Code   RO          421    .ARM.Collect$$libinit$$0000000F  c_t.l(libinit2.o)(c_t.l)
    0x000000aa   0x00000000   Code   RO          423    .ARM.Collect$$libinit$$00000011  c_t.l(libinit2.o)(c_t.l)
    0x000000aa   0x00000000   Code   RO          425    .ARM.Collect$$libinit$$00000013  c_t.l(libinit2.o)(c_t.l)
    0x000000aa   0x00000000   Code   RO          427    .ARM.Collect$$libinit$$00000015  c_t.l(libinit2.o)(c_t.l)
    0x000000aa   0x00000000   Code   RO          429    .ARM.Collect$$libinit$$00000017  c_t.l(libinit2.o)(c_t.l)
    0x000000aa   0x00000000   Code   RO          431    .ARM.Collect$$libinit$$00000019  c_t.l(libinit2.o)(c_t.l)
    0x000000aa   0x00000000   Code   RO          433    .ARM.Collect$$libinit$$0000001B  c_t.l(libinit2.o)(c_t.l)
    0x000000aa   0x00000000   Code   RO          435    .ARM.Collect$$libinit$$0000001D  c_t.l(libinit2.o)(c_t.l)
    0x000000aa   0x00000000   Code   RO          437    .ARM.Collect$$libinit$$0000001F  c_t.l(libinit2.o)(c_t.l)
    0x000000aa   0x00000000   Code   RO          439    .ARM.Collect$$libinit$$00000021  c_t.l(libinit2.o)(c_t.l)
    0x000000aa   0x00000000   Code   RO          443    .ARM.Collect$$libinit$$00000028  c_t.l(libinit2.o)(c_t.l)
    0x000000aa   0x00000000   Code   RO          445    .ARM.Collect$$libinit$$0000002A  c_t.l(libinit2.o)(c_t.l)
    0x000000aa   0x00000000   Code   RO          447    .ARM.Collect$$libinit$$0000002C  c_t.l(libinit2.o)(c_t.l)
    0x000000aa   0x00000000   Code   RO          449    .ARM.Collect$$libinit$$0000002E  c_t.l(libinit2.o)(c_t.l)
    0x000000aa   0x0000000c   Code   RO          450    .ARM.Collect$$libinit$$0000002F  c_t.l(libinit2.o)(c_t.l)
    0x000000b6   0x00000002   PAD
    0x000000b8   0x00000008   Ven    RO          526    .ARM.Collect$$libshutdown$$00000000  c_t.l(libshutdown.o)(c_t.l)
    0x000000c0   0x00000004   Code   RO          526    .ARM.Collect$$libshutdown$$00000000  c_t.l(libshutdown.o)(c_t.l)
    0x000000c4   0x00000000   Code   RO          531    .ARM.Collect$$libshutdown$$00000003  c_t.l(libshutdown2.o)(c_t.l)
    0x000000c4   0x00000000   Code   RO          534    .ARM.Collect$$libshutdown$$00000006  c_t.l(libshutdown2.o)(c_t.l)
    0x000000c4   0x00000000   Code   RO          537    .ARM.Collect$$libshutdown$$00000009  c_t.l(libshutdown2.o)(c_t.l)
    0x000000c4   0x00000000   Code   RO          539    .ARM.Collect$$libshutdown$$0000000B  c_t.l(libshutdown2.o)(c_t.l)
    0x000000c4   0x00000000   Code   RO          542    .ARM.Collect$$libshutdown$$0000000E  c_t.l(libshutdown2.o)(c_t.l)
    0x000000c4   0x00000006   Code   RO          543    .ARM.Collect$$libshutdown$$0000000F  c_t.l(libshutdown2.o)(c_t.l)
    0x000000ca   0x00000002   PAD
    0x000000cc   0x00000000   Code   RO          404    .ARM.Collect$$rtentry$$00000000  c_t.l(rtentry.o)(c_t.l)
    0x000000cc   0x00000000   Code   RO          452    .ARM.Collect$$rtentry$$00000002  c_t.l(rtentry2.o)(c_t.l)
    0x000000cc   0x00000008   Code   RO          467    .ARM.Collect$$rtentry$$00000004  c_t.l(rtentry4.o)(c_t.l)
    0x000000d4   0x00000000   Code   RO          454    .ARM.Collect$$rtentry$$00000009  c_t.l(rtentry2.o)(c_t.l)
    0x000000d4   0x00000004   Code   RO          455    .ARM.Collect$$rtentry$$0000000A  c_t.l(rtentry2.o)(c_t.l)
    0x000000d8   0x00000000   Code   RO          457    .ARM.Collect$$rtentry$$0000000C  c_t.l(rtentry2.o)(c_t.l)
    0x000000d8   0x00000028   Code   RO          458    .ARM.Collect$$rtentry$$0000000D  c_t.l(rtentry2.o)(c_t.l)
    0x00000100   0x00000004   Ven    RO          489    .ARM.Collect$$rtexit$$00000000  c_t.l(rtexit.o)(c_t.l)
    0x00000104   0x00000004   Code   RO          489    .ARM.Collect$$rtexit$$00000000  c_t.l(rtexit.o)(c_t.l)
    0x00000108   0x00000000   Code   RO          500    .ARM.Collect$$rtexit$$00000002  c_t.l(rtexit2.o)(c_t.l)
    0x00000108   0x00000004   Code   RO          501    .ARM.Collect$$rtexit$$00000003  c_t.l(rtexit2.o)(c_t.l)
    0x0000010c   0x00000008   Code   RO          502    .ARM.Collect$$rtexit$$00000004  c_t.l(rtexit2.o)(c_t.l)
    0x00000114   0x00000288   Code   RO           13    .text               os_cpu_c.o
    0x0000039c   0x000009e4   Code   RO           76    .text               os_core.o
    0x00000d80   0x00000b40   Code   RO          106    .text               os_flag.o
    0x000018c0   0x000002d8   Code   RO          137    .text               os_mem.o
    0x00001b98   0x000008e0   Code   RO          161    .text               os_q.o
    0x00002478   0x00000970   Code   RO          185    .text               os_task.o
    0x00002de8   0x00000284   Code   RO          197    .text               os_time.o
    0x0000306c   0x00000390   Code   RO          245    .text               main.o
    0x000033fc   0x00000368   Code   RO          260    .text               target.o
    0x00003764   0x00000004   Code   RO          375    .text               c_t.l(use_no_semi.o)(c_t.l)
    0x00003768   0x00000008   Ven    RO          378    .text               c_t.l(rand.o)(c_t.l)
    0x00003770   0x00000040   Code   RO          378    .text               c_t.l(rand.o)(c_t.l)
    0x000037b0   0x00000064   Code   RO          382    .text               c_t.l(rt_memcpy_w.o)(c_t.l)
    0x00003814   0x00000054   Code   RO          384    .text               c_t.l(rt_memclr_w.o)(c_t.l)
    0x00003868   0x00000180   Code   RO          386    .text               c_t.l(aeabi_sdiv.o)(c_t.l)
    0x000039e8   0x00000060   Code   RO          471    .text               c_t.l(sys_stackheap_outer.o)(c_t.l)
    0x00003a48   0x0000000c   Code   RO          473    .text               c_t.l(exit.o)(c_t.l)
    0x00003a54   0x0000000c   Code   RO          486    .text               c_t.l(libspace.o)(c_t.l)
    0x00003a60   0x00000010   Code   RO          512    .text               c_t.l(rt_fp_status_addr_intlibspace.o)(c_t.l)
    0x00003a70   0x00000024   Code   RO          387    .text_udiv          c_t.l(aeabi_sdiv.o)(c_t.l)
    0x00003a94   0x00000118   Code   RO          300    IRQ                 irq.o
    0x00003bac   0x00000110   Code   RO            9    subr                os_cpu_a.o
    0x00003cbc   0x000000b8   Code   RO            1  * vectors             startup.o
    0x00003d74   0x00000004   Ven    RO          497    x$fpl$fpinit        fz_ts.l(fpinit.o)(fz_ts.l)
    0x00003d78   0x00000018   Code   RO          497    x$fpl$fpinit        fz_ts.l(fpinit.o)(fz_ts.l)
    0x00003d90   0x00000108   Data   RO           78    .constdata          os_core.o
    0x00003e98   0x00000020   Data   RO          560    Region$$Table       anon$$obj.o


    Execution Region ER_RW (Base: 0x40000000, Size: 0x00000040, Max: 0xffffffff, ABSOLUTE)

    Base Addr    Size         Type   Attr      Idx    E Section Name        Object

    0x40000000   0x00000004   Data   RW           14    .data               os_cpu_c.o
    0x40000004   0x0000003c   Data   RW           79    .data               os_core.o


    Execution Region ER_ZI (Base: 0x40000040, Size: 0x0000167c, Max: 0xffffffff, ABSOLUTE)

    Base Addr    Size         Type   Attr      Idx    E Section Name        Object

    0x40000040   0x00001194   Zero   RW           77    .bss                os_core.o
    0x400011d4   0x00000200   Zero   RW          246    .bss                main.o
    0x400013d4   0x000000e4   Zero   RW          379    .bss                c_t.l(rand.o)(c_t.l)
    0x400014b8   0x00000060   Zero   RW          487    .bss                c_t.l(libspace.o)(c_t.l)
    0x40001518   0x00000001   Zero   RW            3    Heap                startup.o
    0x40001519   0x00000003   PAD
    0x4000151c   0x00000120   Zero   RW            2    MyStacks            startup.o
    0x4000163c   0x00000080   Zero   RW           10    SWIStacks           os_cpu_a.o
    0x400016bc   0x00000000   Zero   RW            4    Stacks              startup.o


==============================================================================

Image component sizes


      Code (inc. data)   RO Data    RW Data    ZI Data      Debug   Object Name

         0          0          0          0          0          0   helper.o
       280         24          0          0          0          0   irq.o
       912         20          0          0        512          0   main.o
      2532        100        264         60       4500          0   os_core.o
       272         36          0          0        128          0   os_cpu_a.o
       648          8          0          4          0          0   os_cpu_c.o
      2880         24          0          0          0          0   os_flag.o
       728          8          0          0          0          0   os_mem.o
      2272         20          0          0          0          0   os_q.o
      2416         44          0          0          0          0   os_task.o
       644         24          0          0          0          0   os_time.o
       184         60          0          0        289          0   startup.o
       872         40          0          0          0          0   target.o

    ----------------------------------------------------------------------
     14640        408        296         64       5432          0   Object Totals
         0          0         32          0          0          0   (incl. Generated)
         0          0          0          0          3          0   (incl. Padding)

    ----------------------------------------------------------------------

      Code (inc. data)   RO Data    RW Data    ZI Data      Debug   Library Member Name

         8          0          0          0          0          0   __main.o
        60          8          0          0          0          0   __scatter.o
        40          0          0          0          0          0   __scatter_copy.o
        44          0          0          0          0          0   __scatter_zi.o
       420          0          0          0          0          0   aeabi_sdiv.o
        12          0          0          0          0          0   exit.o
        14          0          0          0          0          0   libinit.o
        16          0          0          0          0          0   libinit2.o
        12          0          0          0          0          0   libshutdown.o
         6          0          0          0          0          0   libshutdown2.o
        12          4          0          0         96          0   libspace.o
        72         12          0          0        228          0   rand.o
        16          4          0          0          0          0   rt_fp_status_addr_intlibspace.o
        84          0          0          0          0          0   rt_memclr_w.o
       100          0          0          0          0          0   rt_memcpy_w.o
         0          0          0          0          0          0   rtentry.o
        44          4          0          0          0          0   rtentry2.o
         8          0          0          0          0          0   rtentry4.o
         8          0          0          0          0          0   rtexit.o
        12          0          0          0          0          0   rtexit2.o
        96          0          0          0          0          0   sys_stackheap_outer.o
         4          0          0          0          0          0   use_no_semi.o
        28          0          0          0          0          0   fpinit.o

    ----------------------------------------------------------------------
      1120         32          0          0        324          0   Library Totals
         4          0          0          0          0          0   (incl. Padding)

    ----------------------------------------------------------------------

      Code (inc. data)   RO Data    RW Data    ZI Data      Debug   Library Name

      1088         32          0          0        324        808   c_t.l
        28          0          0          0          0         80   fz_ts.l

    ----------------------------------------------------------------------
      1120         32          0          0        324          0   Library Totals

    ----------------------------------------------------------------------

==============================================================================


      Code (inc. data)   RO Data    RW Data    ZI Data      Debug   

     15760        440        296         64       5756      59072   Grand Totals
     15760        440        296         64       5756      59072   ELF Image Totals
     15760        440        296         64          0          0   ROM Totals

==============================================================================

    Total RO  Size (Code + RO Data)                16056 (  15.68kB)
    Total RW  Size (RW Data + ZI Data)              5820 (   5.68kB)
    Total ROM Size (Code + RO Data + RW Data)      16120 (  15.74kB)

==============================================================================

